============================= test session starts =============================
platform win32 -- Python 3.14.2, pytest-9.0.2, pluggy-1.6.0 -- D:\Code\ue-mcp\.venv\Scripts\python.exe
cachedir: .pytest_cache
metadata: {'Python': '3.14.2', 'Platform': 'Windows-11-10.0.26200-SP0', 'Packages': {'pytest': '9.0.2', 'pluggy': '1.6.0'}, 'Plugins': {'anyio': '4.12.1', 'mcp-pytest': '0.2.0', 'asyncio': '1.3.0', 'html': '4.2.0', 'metadata': '3.1.1'}}
rootdir: D:\Code\ue-mcp
configfile: pyproject.toml
plugins: anyio-4.12.1, mcp-pytest-0.2.0, asyncio-1.3.0, html-4.2.0, metadata-3.1.1
asyncio: mode=Mode.AUTO, debug=False, asyncio_default_fixture_loop_scope=session, asyncio_default_test_loop_scope=session
collecting ... collected 19 items

tests/test_trace_actors_mcp.py::TestTraceActorsToolsBasic::test_list_tools_includes_trace_actors PASSED [  5%]
tests/test_trace_actors_mcp.py::TestTraceActorsToolsBasic::test_trace_actors_without_editor PASSED [ 10%]
tests/test_trace_actors_mcp.py::TestTraceActorsWithEditor::test_trace_single_actor ERROR [ 15%]
tests/test_trace_actors_mcp.py::TestTraceActorsWithEditor::test_trace_actor_not_found ERROR [ 21%]
tests/test_trace_actors_mcp.py::TestTraceActorsWithEditor::test_trace_multiple_actors ERROR [ 26%]
tests/test_capture_mcp.py::TestCaptureTools::test_list_tools_includes_capture PASSED [ 31%]
tests/test_capture_mcp.py::TestCaptureTools::test_capture_orbital_without_editor PASSED [ 36%]
tests/test_capture_mcp.py::TestCaptureTools::test_capture_orbital_with_editor FAILED [ 42%]
tests/test_capture_mcp.py::TestCaptureTools::test_capture_window_without_editor PASSED [ 47%]
tests/test_capture_mcp.py::TestCaptureTools::test_capture_pie_without_editor PASSED [ 52%]
tests/test_capture_mcp.py::TestCaptureTools::test_capture_pie_with_editor SKIPPED [ 57%]
tests/test_capture_mcp.py::TestCaptureTools::test_capture_window_with_editor FAILED [ 63%]
tests/test_capture_mcp.py::TestCaptureTools::test_capture_window_batch_mode_with_editor SKIPPED [ 68%]
tests/test_capture_mcp.py::TestCaptureToolValidation::test_capture_orbital_missing_level PASSED [ 73%]
tests/test_capture_mcp.py::TestCaptureToolValidation::test_capture_window_mode_validation PASSED [ 78%]
tests/test_capture_mcp.py::TestCaptureToolValidation::test_capture_window_asset_mode_validation PASSED [ 84%]
tests/test_capture_mcp.py::TestCaptureToolValidation::test_capture_window_batch_mode_validation PASSED [ 89%]
tests/test_capture_mcp.py::TestCaptureToolValidation::test_capture_pie_missing_level PASSED [ 94%]
tests/test_capture_mcp.py::TestCaptureToolValidation::test_capture_pie_missing_output_dir PASSED [100%]

=================================== ERRORS ====================================
_____ ERROR at setup of TestTraceActorsWithEditor.test_trace_single_actor _____

self = <tests.test_trace_actors_mcp.TestTraceActorsWithEditor object at 0x0000024CC5066CF0>
initialized_tool_caller = <mcp_pytest.client.tool_caller.ToolCaller object at 0x0000024CC5284910>

    @pytest.fixture(scope="class")
    async def editor_session(self, initialized_tool_caller: ToolCaller):
        """Fixture that ensures editor is launched and ready."""
        tool_caller = initialized_tool_caller
    
        # Set project path
        project_path = str(FIXTURE_PROJECT.resolve())
    
        if not FIXTURE_PROJECT.exists():
            pytest.skip(f"Test project not found at {project_path}")
    
        set_result = await tool_caller.call(
            "project_set_path",
            {"project_path": project_path},
            timeout=30,
        )
        set_data = parse_tool_result(set_result)
>       assert set_data.get("success"), f"Project set failed: {set_data}"
E       AssertionError: Project set failed: {'success': False, 'error': 'project.set_path can only be called once per server lifetime. Project path already set.', 'current_project': 'EmptyProjectTemplate'}
E       assert False
E        +  where False = <built-in method get of dict object at 0x0000024CC52BC0C0>('success')
E        +    where <built-in method get of dict object at 0x0000024CC52BC0C0> = {'current_project': 'EmptyProjectTemplate', 'error': 'project.set_path can only be called once per server lifetime. Project path already set.', 'success': False}.get

tests\test_trace_actors_mcp.py:88: AssertionError
---------------------------- Captured stderr setup ----------------------------
[11:07:54.466] [ue-mcp] �� tools/call/project_set_path {"project_path": "D:\\Code\\ue-mcp\\tests\\fixtures\\ThirdPersonTemplate"}
[INFO] mcp.server.lowlevel.server: Processing request of type CallToolRequest

[11:07:54.467] [ue-mcp] �� tools/call/project_set_path {"is_error": false, "content_count": 1}
----------------------------- Captured log setup ------------------------------
INFO     mcp_pytest.test::0 
INFO     mcp_pytest.test::0
___ ERROR at setup of TestTraceActorsWithEditor.test_trace_actor_not_found ____

self = <tests.test_trace_actors_mcp.TestTraceActorsWithEditor object at 0x0000024CC5066CF0>
initialized_tool_caller = <mcp_pytest.client.tool_caller.ToolCaller object at 0x0000024CC5284910>

    @pytest.fixture(scope="class")
    async def editor_session(self, initialized_tool_caller: ToolCaller):
        """Fixture that ensures editor is launched and ready."""
        tool_caller = initialized_tool_caller
    
        # Set project path
        project_path = str(FIXTURE_PROJECT.resolve())
    
        if not FIXTURE_PROJECT.exists():
            pytest.skip(f"Test project not found at {project_path}")
    
        set_result = await tool_caller.call(
            "project_set_path",
            {"project_path": project_path},
            timeout=30,
        )
        set_data = parse_tool_result(set_result)
>       assert set_data.get("success"), f"Project set failed: {set_data}"
E       AssertionError: Project set failed: {'success': False, 'error': 'project.set_path can only be called once per server lifetime. Project path already set.', 'current_project': 'EmptyProjectTemplate'}
E       assert False
E        +  where False = <built-in method get of dict object at 0x0000024CC52BC0C0>('success')
E        +    where <built-in method get of dict object at 0x0000024CC52BC0C0> = {'current_project': 'EmptyProjectTemplate', 'error': 'project.set_path can only be called once per server lifetime. Project path already set.', 'success': False}.get

tests\test_trace_actors_mcp.py:88: AssertionError
___ ERROR at setup of TestTraceActorsWithEditor.test_trace_multiple_actors ____

self = <tests.test_trace_actors_mcp.TestTraceActorsWithEditor object at 0x0000024CC5066CF0>
initialized_tool_caller = <mcp_pytest.client.tool_caller.ToolCaller object at 0x0000024CC5284910>

    @pytest.fixture(scope="class")
    async def editor_session(self, initialized_tool_caller: ToolCaller):
        """Fixture that ensures editor is launched and ready."""
        tool_caller = initialized_tool_caller
    
        # Set project path
        project_path = str(FIXTURE_PROJECT.resolve())
    
        if not FIXTURE_PROJECT.exists():
            pytest.skip(f"Test project not found at {project_path}")
    
        set_result = await tool_caller.call(
            "project_set_path",
            {"project_path": project_path},
            timeout=30,
        )
        set_data = parse_tool_result(set_result)
>       assert set_data.get("success"), f"Project set failed: {set_data}"
E       AssertionError: Project set failed: {'success': False, 'error': 'project.set_path can only be called once per server lifetime. Project path already set.', 'current_project': 'EmptyProjectTemplate'}
E       assert False
E        +  where False = <built-in method get of dict object at 0x0000024CC52BC0C0>('success')
E        +    where <built-in method get of dict object at 0x0000024CC52BC0C0> = {'current_project': 'EmptyProjectTemplate', 'error': 'project.set_path can only be called once per server lifetime. Project path already set.', 'success': False}.get

tests\test_trace_actors_mcp.py:88: AssertionError
================================== FAILURES ===================================
______________ TestCaptureTools.test_capture_orbital_with_editor ______________

self = <tests.test_capture_mcp.TestCaptureTools object at 0x0000024CC504EFD0>
initialized_tool_caller = <mcp_pytest.client.tool_caller.ToolCaller object at 0x0000024CC5284910>
test_output_dir = WindowsPath('D:/Code/ue-mcp/tests/test_output')

    @pytest.mark.asyncio
    async def test_capture_orbital_with_editor(
        self, initialized_tool_caller: ToolCaller, test_output_dir: Path
    ):
        """Test capture.orbital with editor running."""
        # Launch editor
        launch_result = await initialized_tool_caller.call(
            "editor_launch",
            {"wait": True, "wait_timeout": 180},
            timeout=240,
        )
        launch_data = parse_tool_result(launch_result)
>       assert launch_data.get("success"), f"Editor launch failed: {launch_data}"
E       AssertionError: Editor launch failed: {'success': False, 'error': "Project needs to be built: Plugin 'ExtraPythonAPIs' binary not found. Please run 'project_build' first.", 'requires_build': True}
E       assert False
E        +  where False = <built-in method get of dict object at 0x0000024CC531F6C0>('success')
E        +    where <built-in method get of dict object at 0x0000024CC531F6C0> = {'error': "Project needs to be built: Plugin 'ExtraPythonAPIs' binary not found. Please run 'project_build' first.", 'requires_build': True, 'success': False}.get

tests\test_capture_mcp.py:78: AssertionError
---------------------------- Captured stderr call -----------------------------
[11:07:54.547] [ue-mcp] �� tools/call/editor_launch {"wait": true, "wait_timeout": 180}
[INFO] mcp.server.lowlevel.server: Processing request of type CallToolRequest

[INFO] ue_mcp.server: Including bundled site-packages: D:\Code\ue-mcp\src\ue_mcp\extra\site-packages

[11:07:54.549] [ue-mcp] �� tools/call/editor_launch {"is_error": false, "content_count": 1}
------------------------------ Captured log call ------------------------------
INFO     mcp_pytest.test::0 
INFO     mcp_pytest.test::0
______________ TestCaptureTools.test_capture_window_with_editor _______________

self = <tests.test_capture_mcp.TestCaptureTools object at 0x0000024CC5076470>
initialized_tool_caller = <mcp_pytest.client.tool_caller.ToolCaller object at 0x0000024CC5284910>
test_output_dir = WindowsPath('D:/Code/ue-mcp/tests/test_output')

    @pytest.mark.asyncio
    async def test_capture_window_with_editor(
        self, initialized_tool_caller: ToolCaller, test_output_dir: Path
    ):
        """Test capture.window with editor running."""
        # Launch editor
        launch_result = await initialized_tool_caller.call(
            "editor_launch",
            {"wait": True, "wait_timeout": 180},
            timeout=240,
        )
        launch_data = parse_tool_result(launch_result)
>       assert launch_data.get("success"), f"Editor launch failed: {launch_data}"
E       AssertionError: Editor launch failed: {'success': False, 'error': "Project needs to be built: Plugin 'ExtraPythonAPIs' binary not found. Please run 'project_build' first.", 'requires_build': True}
E       assert False
E        +  where False = <built-in method get of dict object at 0x0000024CC52BE200>('success')
E        +    where <built-in method get of dict object at 0x0000024CC52BE200> = {'error': "Project needs to be built: Plugin 'ExtraPythonAPIs' binary not found. Please run 'project_build' first.", 'requires_build': True, 'success': False}.get

tests\test_capture_mcp.py:176: AssertionError
---------------------------- Captured stderr call -----------------------------
[11:07:54.561] [ue-mcp] �� tools/call/editor_launch {"wait": true, "wait_timeout": 180}
[INFO] mcp.server.lowlevel.server: Processing request of type CallToolRequest

[INFO] ue_mcp.server: Including bundled site-packages: D:\Code\ue-mcp\src\ue_mcp\extra\site-packages

[11:07:54.563] [ue-mcp] �� tools/call/editor_launch {"is_error": false, "content_count": 1}
------------------------------ Captured log call ------------------------------
INFO     mcp_pytest.test::0 
INFO     mcp_pytest.test::0
=========================== short test summary info ===========================
FAILED tests/test_capture_mcp.py::TestCaptureTools::test_capture_orbital_with_editor
FAILED tests/test_capture_mcp.py::TestCaptureTools::test_capture_window_with_editor
ERROR tests/test_trace_actors_mcp.py::TestTraceActorsWithEditor::test_trace_single_actor
ERROR tests/test_trace_actors_mcp.py::TestTraceActorsWithEditor::test_trace_actor_not_found
ERROR tests/test_trace_actors_mcp.py::TestTraceActorsWithEditor::test_trace_multiple_actors
============== 2 failed, 12 passed, 2 skipped, 3 errors in 1.34s ==============
